# Create graphs w/ 0, 1, 2, 3 nodes.
created graph g0

created graph g1
added node ALPHA to g1

created graph g2
added node ALPHA to g2
added node BRAVO to g2

created graph g3
added node ALPHA to g3
added node BRAVO to g3
added node CHARLIE to g3

# Test listing nodes on graphs w/ 0, 1, 2, 3 nodes.
g0 contains:
g1 contains: ALPHA
g2 contains: ALPHA BRAVO
g3 contains: ALPHA BRAVO CHARLIE