# Test if Dijkstra prioritizes the reflexive edge over a cyclic path for a given node.

# Create graph g
created graph g

# Add city names to graph g
added node LosSantos to g
added node SanAndreas to g
added node SanFierro to g
added node LasVenturas to g
added node Ludendorff to g
added node Vice to g
added node Liberty to g
added node Alderney to g

# Add edges to graph g
added edge 1.230 from LosSantos to SanAndreas in g
added edge 1.230 from SanAndreas to LosSantos in g

# Test pathfinding
path from LosSantos to LosSantos:
total cost: 0.000